// Jest Snapshot v1, https://goo.gl/fbAQLP

exports[`Header Import Testsuite Header Snapshot Test 1`] = `
<header
  className="Styled(MuiBox)-root-135"
>
  <div
    className="MuiGrid-root MuiGrid-container MuiGrid-direction-xs-column MuiGrid-align-items-xs-center MuiGrid-justify-xs-center"
  >
    <div
      className="MuiGrid-root MuiGrid-item MuiGrid-grid-xs-12 MuiGrid-grid-md-10"
    >
      <h1
        className="MuiTypography-root MuiTypography-h3"
        id="uploadheadline"
      >
        Handschriftenportal Erfassung
      </h1>
    </div>
  </div>
</header>
`;
