// Jest Snapshot v1, https://goo.gl/fbAQLP

exports[`Import Upload Form Testsuite UploadForm Snapshot Test 1`] = `
<div
  className="MuiGrid-root MuiGrid-container MuiGrid-direction-xs-column MuiGrid-align-items-xs-center MuiGrid-justify-xs-center"
>
  <div
    className="MuiGrid-root MuiGrid-item MuiGrid-grid-xs-12 MuiGrid-grid-md-10"
  >
    <h6
      className="MuiTypography-root MuiTypography-h5"
      id="uploadheadline"
    >
      Willkommen lieber
       Gast
    </h6>
    <form
      aria-invalid={true}
      aria-label="uploadform"
      id="uploadform"
      onSubmit={[Function]}
      title="uploadform"
    >
      <div
        className="MuiBox-root MuiBox-root-297"
      >
        <div
          className="MuiBox-root MuiBox-root-298"
        >
          <label
            aria-label="uploadfilelabel"
            className="MuiFormLabel-root MuiInputLabel-root MuiInputLabel-animated"
            htmlFor="uploadFile"
          >
            XML Datei Upload
          </label>
        </div>
        <label
          aria-disabled={false}
          aria-label="button"
          className="MuiButtonBase-root MuiIconButton-root"
          onBlur={[Function]}
          onDragLeave={[Function]}
          onFocus={[Function]}
          onKeyDown={[Function]}
          onKeyUp={[Function]}
          onMouseDown={[Function]}
          onMouseLeave={[Function]}
          onMouseUp={[Function]}
          onTouchEnd={[Function]}
          onTouchMove={[Function]}
          onTouchStart={[Function]}
          role="button"
          style={
            Object {
              "width": "300px",
            }
          }
          tabIndex={0}
          variant="contained"
        >
          <span
            className="MuiIconButton-label"
          >
            <svg
              aria-hidden="true"
              aria-label="button"
              className="MuiSvgIcon-root"
              focusable="false"
              viewBox="0 0 24 24"
            >
              <path
                d="M4 12l1.41 1.41L11 7.83V20h2V7.83l5.58 5.59L20 12l-8-8-8 8z"
              />
            </svg>
            <div
              aria-label="uploadinputformular"
              className="MuiInputBase-root MuiInput-root MuiInput-underline"
              onClick={[Function]}
              style={
                Object {
                  "display": "none",
                }
              }
            >
              <input
                className="MuiInputBase-input MuiInput-input"
                id="uploadFile"
                name="datei"
                onAnimationStart={[Function]}
                onBlur={[Function]}
                onChange={[Function]}
                onFocus={[Function]}
                placeholder=""
                type="file"
              />
            </div>
            <div
              className="MuiFormControl-root MuiTextField-root MuiFormControl-fullWidth"
            >
              
              <div
                className="MuiInputBase-root MuiOutlinedInput-root MuiInputBase-fullWidth MuiInputBase-formControl"
                onClick={[Function]}
              >
                <input
                  aria-invalid={false}
                  autoFocus={false}
                  className="MuiInputBase-input MuiOutlinedInput-input"
                  disabled={false}
                  id="standard-basic"
                  onAnimationStart={[Function]}
                  onBlur={[Function]}
                  onChange={[Function]}
                  onFocus={[Function]}
                  required={false}
                  type="text"
                />
                <fieldset
                  aria-hidden={true}
                  className="PrivateNotchedOutline-root-230 MuiOutlinedInput-notchedOutline"
                  style={
                    Object {
                      "paddingLeft": 8,
                    }
                  }
                >
                  <legend
                    className="PrivateNotchedOutline-legend-231"
                    style={
                      Object {
                        "width": 0.01,
                      }
                    }
                  >
                    <span
                      dangerouslySetInnerHTML={
                        Object {
                          "__html": "&#8203;",
                        }
                      }
                    />
                  </legend>
                </fieldset>
              </div>
            </div>
          </span>
          <span
            className="MuiTouchRipple-root"
          />
        </label>
      </div>
      <div
        className="MuiBox-root MuiBox-root-299"
      >
        <div>
          <div
            aria-label="outlined secondary button group"
            className="MuiButtonGroup-root"
            role="group"
          >
            <button
              aria-label="hinzuf端gen"
              className="MuiButtonBase-root MuiButton-root MuiButton-outlined MuiButtonGroup-grouped MuiButtonGroup-groupedHorizontal MuiButtonGroup-groupedOutlined MuiButtonGroup-groupedOutlinedHorizontal MuiButtonGroup-groupedOutlined MuiButton-outlinedPrimary"
              disabled={false}
              id="submitupload"
              onBlur={[Function]}
              onDragLeave={[Function]}
              onFocus={[Function]}
              onKeyDown={[Function]}
              onKeyUp={[Function]}
              onMouseDown={[Function]}
              onMouseLeave={[Function]}
              onMouseUp={[Function]}
              onTouchEnd={[Function]}
              onTouchMove={[Function]}
              onTouchStart={[Function]}
              tabIndex={0}
              type="submit"
            >
              <span
                className="MuiButton-label"
              >
                <span
                  className="MuiButton-startIcon MuiButton-iconSizeMedium"
                >
                  <svg
                    aria-hidden="true"
                    className="MuiSvgIcon-root"
                    focusable="false"
                    viewBox="0 0 24 24"
                  >
                    <path
                      d="M19.35 10.04C18.67 6.59 15.64 4 12 4 9.11 4 6.6 5.64 5.35 8.04 2.34 8.36 0 10.91 0 14c0 3.31 2.69 6 6 6h13c2.76 0 5-2.24 5-5 0-2.64-2.05-4.78-4.65-4.96zM14 13v4h-4v-4H7l5-5 5 5h-3z"
                    />
                  </svg>
                </span>
                Hinzuf端gen
              </span>
              <span
                className="MuiTouchRipple-root"
              />
            </button>
            <button
              aria-label="zur端cksetzen"
              className="MuiButtonBase-root MuiButton-root MuiButton-outlined MuiButtonGroup-grouped MuiButtonGroup-groupedHorizontal MuiButtonGroup-groupedOutlined MuiButtonGroup-groupedOutlinedHorizontal MuiButtonGroup-groupedOutlined MuiButton-outlinedSecondary"
              disabled={false}
              onBlur={[Function]}
              onClick={[Function]}
              onDragLeave={[Function]}
              onFocus={[Function]}
              onKeyDown={[Function]}
              onKeyUp={[Function]}
              onMouseDown={[Function]}
              onMouseLeave={[Function]}
              onMouseUp={[Function]}
              onTouchEnd={[Function]}
              onTouchMove={[Function]}
              onTouchStart={[Function]}
              tabIndex={0}
              type="reset"
            >
              <span
                className="MuiButton-label"
              >
                Zur端cksetzen
              </span>
              <span
                className="MuiTouchRipple-root"
              />
            </button>
          </div>
        </div>
      </div>
    </form>
  </div>
</div>
`;
