// Jest Snapshot v1, https://goo.gl/fbAQLP

exports[`Import Upload Form Testsuite Test Upload File Table Snapshot 1`] = `
<div
  className="MuiGrid-root MuiGrid-container MuiGrid-direction-xs-column MuiGrid-align-items-xs-center MuiGrid-justify-xs-center"
>
  <div
    className="MuiGrid-root MuiGrid-container MuiGrid-item MuiGrid-direction-xs-column MuiGrid-grid-xs-12 MuiGrid-grid-md-10"
  >
    <h3
      className="MuiTypography-root MuiTypography-subtitle1"
    >
      Angemeldeter Benutzer: Gast
    </h3>
    <div
      className="MuiPaper-root MuiPaper-elevation1 MuiPaper-rounded"
    >
      <div
        className="MuiBox-root MuiBox-root-242"
      >
        <label
          className="MuiFormLabel-root MuiInputLabel-root MuiInputLabel-animated"
          htmlFor="dateinameinput"
        >
          Dateieingabe
        </label>
      </div>
      <div
        className="MuiFormControl-root MuiTextField-root"
      >
        <label
          className="MuiFormLabel-root MuiInputLabel-root MuiInputLabel-formControl MuiInputLabel-animated"
          data-shrink={false}
          htmlFor="dateinameinput"
          id="dateinameinput-label"
        >
          Dateiname filtern
        </label>
        <div
          className="MuiInputBase-root MuiInput-root MuiInput-underline MuiInputBase-formControl MuiInput-formControl"
          onClick={[Function]}
        >
          <input
            aria-invalid={false}
            autoFocus={false}
            className="MuiInputBase-input MuiInput-input"
            disabled={false}
            id="dateinameinput"
            onAnimationStart={[Function]}
            onBlur={[Function]}
            onChange={[Function]}
            onFocus={[Function]}
            required={false}
            type="text"
            value=""
          />
        </div>
      </div>
      <table
        className="MuiTable-root"
      >
        <thead
          className="MuiTableHead-root"
        >
          <tr
            className="MuiTableRow-root MuiTableRow-head"
          >
            <th
              aria-sort={null}
              className="MuiTableCell-root MuiTableCell-head"
              scope="col"
            >
              Upload am
            </th>
            <th
              aria-sort={null}
              className="MuiTableCell-root MuiTableCell-head"
              scope="col"
            >
              Benutzer
            </th>
            <th
              aria-sort={null}
              className="MuiTableCell-root MuiTableCell-head"
              scope="col"
            >
              Anzahl Dateien
            </th>
            <th
              aria-sort={null}
              className="MuiTableCell-root MuiTableCell-head"
              scope="col"
            >
              Importdatei
            </th>
            <th
              aria-sort={null}
              className="MuiTableCell-root MuiTableCell-head"
              scope="col"
            >
              Ergebnis
            </th>
          </tr>
        </thead>
        <tbody
          className="MuiTableBody-root"
        >
          <tr
            className="MuiTableRow-root uploadfilerow"
          >
            <td
              aria-sort={null}
              className="MuiTableCell-root MuiTableCell-body"
            >
              <a
                href="/app/import/job/6709b9a0-44a8-4bcd-85ab-0b80a818c5fe"
                onClick={[Function]}
              >
                2020-03-23T16:46:22.627314
              </a>
            </td>
            <td
              aria-sort={null}
              className="MuiTableCell-root MuiTableCell-body"
            >
              Christoph Mackert
            </td>
            <td
              aria-sort={null}
              className="MuiTableCell-root MuiTableCell-body"
            >
              1
            </td>
            <td
              aria-sort={null}
              className="MuiTableCell-root MuiTableCell-body"
            >
              tei-msDesc_Koch.xml
            </td>
            <td
              aria-sort={null}
              className="MuiTableCell-root MuiTableCell-body"
            >
              SUCCESS
            </td>
          </tr>
        </tbody>
      </table>
    </div>
  </div>
</div>
`;
